---
source: my-cranelift-pass/src/main.rs
expression: "format!(\"{:?}\\n{:?}\", & functions [0], & ctx.func)"
---
function %f(i32) -> i32 fast {
block0(v0: i32):
    v1 = iconst.i32 0
    v2 = icmp eq v0, v1  ; v1 = 0
    brif v2, block1(v0), block2(v1)  ; v1 = 0

block1(v10: i32):
    jump block3(v10)

block2(v11: i32):
    jump block3(v11)

block3(v5: i32):
    v6 = icmp eq v5, v1  ; v1 = 0
    v7 = iconst.i32 1
    v8 = isub v5, v7  ; v7 = 1
    brif v6, block3(v7), block4  ; v7 = 1

block4:
    return v8
}

function %f(i32) -> i32 fast {
block0(v0: i32):
    v1 = iconst.i32 0
    v2 = icmp eq v0, v1  ; v1 = 0
    brif v2, block1(v0), block2(v1)  ; v1 = 0

block1(v10: i32):
    jump block5(v10)

block2(v11: i32):
    jump block5(v11)

block3(v5: i32):
    v6 = icmp eq v5, v1  ; v1 = 0
    v7 = iconst.i32 1
    v8 = isub v5, v7  ; v7 = 1
    brif v6, block3(v7), block4  ; v7 = 1

block4:
    return v8

block5(v12: i32):
    jump block3(v12)
}

